find max pos = 8
8 4 6 7 3 5 2 
find max pos = -1
